Godot Engine v4.7.1.stable.official.a13da4feb - https://godotengine.org

FLUX2 match initialized at 120 Hz
FLUX2 farflow host: listening on UDP 24947 · OPEN COMMONS · 8 places
FLUX2 bootstrap: 120 Hz, protocol 47, movement 80df3eae9d9f, transitions 8885f1454560, controls world_relative, POV full/195/1120, camera 75%, visual c512d48c283d, accessibility f8b7418be443/standard/full, HUD 55d33e6634ec, interactions 6ddebf6e50de, architecture bf4f29f408ab, wayfinding 0ce8275e0b98, spells 7adc0e77b275/skeleton b8cff0a65bb1/directions e4f67a894f65, bursts fa35baa91783, cartoon recipes fd8a3dc74396/atlas 3a0f8bb6187b, Sanctum districts 9, travel nodes 9, campus 97d8c465452d, ability catalog 93ee84099356, reactions 69ad258d7039/bounded-level-one, champions 8d4807eaf780, build 13/13, materials 1c9b15a12d94, yard 3b466b916d6e
FLUX2 illustrated campus: 882991de1a0a, art elevation 55deg/cardinal, setup 190 ms, 0 decorations
FLUX2 farflow hearth smoke: roster gathered and host ready
FLUX2 farflow host: joined entity 2 (River Guest)
FLUX2 farflow social: shared emote entity 2
FLUX2 farflow hearth smoke: all ready; countdown started
FLUX2 match initialized at 120 Hz
FLUX2 farflow hearth: Proving Court round started at host tick 1239
FLUX2 farflow host: return reserved for entity 2 (River Guest)
FLUX2 farflow host: returned entity 2 (River Guest)
FLUX2 farflow rematch smoke: closing round 1 after exact-actor return
FLUX2 farflow host: joined entity 3 (Late Lantern)
FLUX2 match initialized at 120 Hz
FLUX2 farflow rematch smoke: host gathered and ready for round 2
FLUX2 farflow hearth: company returned at host tick 2277
FLUX2 farflow hearth smoke: all ready; countdown started
FLUX2 match initialized at 120 Hz
FLUX2 farflow hearth: Proving Court round started at host tick 2639
FLUX2 farflow steward smoke: confirmed release sent for entity 2
FLUX2 farflow host: left entity 2 (River Guest)
FLUX2 farflow steward smoke: guest removed without reservation
