Godot Engine v4.7.1.stable.official.a13da4feb - https://godotengine.org
OpenGL API OpenGL ES 3.0 (ANGLE 2.1.1 git hash: aaebda1c5a40) - Compatibility - Using Device: Google Inc. (AMD) - ANGLE (AMD, AMD Radeon(TM) Graphics (0x00001506) Direct3D11 vs_5_0 ps_5_0, D3D11-32.0.21045.5002)

RENDERED res://.godot/warm-style-trails-render/s_wayne-quiet.png
RENDERED res://.godot/warm-style-trails-render/oh_tipi-quiet.png
RENDERED res://.godot/warm-style-trails-render/red_baron-quiet.png
RENDERED res://.godot/warm-style-trails-render/earth-bolt-flight.png
RENDERED res://.godot/warm-style-trails-render/earth-bolt-terminal.png
RENDERED res://.godot/warm-style-trails-render/fire-bolt-flight.png
RENDERED res://.godot/warm-style-trails-render/fire-bolt-terminal.png
RENDERED res://.godot/warm-style-trails-render/water-bolt-flight.png
RENDERED res://.godot/warm-style-trails-render/water-bolt-terminal.png
RENDERED res://.godot/warm-style-trails-render/wind-bolt-flight.png
RENDERED res://.godot/warm-style-trails-render/wind-bolt-terminal.png
RENDERED res://.godot/warm-style-trails-render/ice-bolt-flight.png
RENDERED res://.godot/warm-style-trails-render/ice-bolt-terminal.png
RENDERED res://.godot/warm-style-trails-render/charge-bolt-flight.png
RENDERED res://.godot/warm-style-trails-render/charge-bolt-terminal.png
RENDERED res://.godot/warm-style-trails-render/light-bolt-flight.png
RENDERED res://.godot/warm-style-trails-render/light-bolt-terminal.png
RENDERED res://.godot/warm-style-trails-render/dark-bolt-flight.png
RENDERED res://.godot/warm-style-trails-render/dark-bolt-terminal.png
RENDERED res://.godot/warm-style-trails-render/fire-rapid-flight.png
RENDERED res://.godot/warm-style-trails-render/fire-rapid-terminal.png
RENDERED res://.godot/warm-style-trails-render/older-fire-trail-water-impact-steam-active.png
RENDERED res://.godot/warm-style-trails-render/steam-expired-no-child-matter.png
PASS:23 integrated actual-game frames;8Bolt flight+terminal,1Rapid flight+terminal,3body sizes,2paid older-trail/new-impact Steam+spent-expiry;no injected deposits;draw world hashes unchanged
