Godot Engine v4.7.1.stable.official.a13da4feb - https://godotengine.org

FLUX2 match initialized at 120 Hz
FLUX2 farflow join: seeking 127.0.0.1:24972
FLUX2 bootstrap: 120 Hz, protocol 47, movement 0dc088623b40, transitions 8885f1454560, controls world_relative, POV full/120/720, camera 75%, visual 03a2ad828834, accessibility f8b7418be443/standard/full, HUD 55d33e6634ec, interactions 6ddebf6e50de, spells 7adc0e77b275/skeleton b8cff0a65bb1/directions e4f67a894f65, bursts e4e34629268d, cartoon recipes e4bae85adbff/atlas 64eaf0c118b5, Sanctum districts 9, travel nodes 9, campus 9e98cfe69c06, ability catalog 51bc4bc17c65, reactions c211a25bfd36/bounded-level-one, champions ce78f5d24462, build 13/13, materials 1c9b15a12d94, yard 3b466b916d6e
FLUX2 illustrated campus: 17499b2b7f31, art elevation 55deg/cardinal, setup 257 ms, 0 decorations
FLUX2 farflow replica: local entity 2, snapshot tick 756, travellers 2
FLUX2 farflow social: guest emote request sent
FLUX2 farflow hearth smoke: guest readiness sent
FLUX2 farflow social: shared emote entity 2
FLUX2 farflow prediction smoke: authoritative movement confirmed at sequence 10
FLUX2 farflow hearth smoke: guest received shared practice start
FLUX2 farflow round smoke: guest active in Proving Court serial 1
FLUX2 farflow reconnect smoke: left entity 2
FLUX2 match initialized at 120 Hz
FLUX2 farflow reconnect smoke: seeking reserved identity
FLUX2 farflow replica: local entity 2, snapshot tick 1416, travellers 2
FLUX2 farflow reconnect smoke: returned entity 2
FLUX2 farflow prediction: entity 2 reconciles at tick 1416
FLUX2 farflow prediction smoke: authoritative movement confirmed at sequence 9
FLUX2 farflow rematch smoke: guest gathered and ready for round 2
FLUX2 farflow rematch smoke: guest active in Proving Court serial 2
FLUX2 match initialized at 120 Hz
FLUX2 farflow steward smoke: guest received release reason and return revoked
