Godot Engine v4.7.1.stable.official.a13da4feb - https://godotengine.org

FLUX2 match initialized at 120 Hz
FLUX2 farflow host: listening on UDP 24972 · OPEN COMMONS · 8 places
FLUX2 bootstrap: 120 Hz, protocol 47, movement 0dc088623b40, transitions 8885f1454560, controls world_relative, POV full/120/720, camera 75%, visual 03a2ad828834, accessibility f8b7418be443/standard/full, HUD 55d33e6634ec, interactions 6ddebf6e50de, spells 7adc0e77b275/skeleton b8cff0a65bb1/directions e4f67a894f65, bursts e4e34629268d, cartoon recipes e4bae85adbff/atlas 64eaf0c118b5, Sanctum districts 9, travel nodes 9, campus 9e98cfe69c06, ability catalog 51bc4bc17c65, reactions c211a25bfd36/bounded-level-one, champions ce78f5d24462, build 13/13, materials 1c9b15a12d94, yard 3b466b916d6e
FLUX2 illustrated campus: 17499b2b7f31, art elevation 55deg/cardinal, setup 236 ms, 0 decorations
FLUX2 farflow hearth smoke: roster gathered and host ready
FLUX2 farflow host: joined entity 2 (River Guest)
FLUX2 farflow social: shared emote entity 2
FLUX2 farflow hearth smoke: all ready; countdown started
FLUX2 match initialized at 120 Hz
FLUX2 farflow hearth: Proving Court round started at host tick 1117
FLUX2 farflow host: return reserved for entity 2 (River Guest)
FLUX2 farflow host: returned entity 2 (River Guest)
FLUX2 farflow rematch smoke: closing round 1 after exact-actor return
FLUX2 farflow host: joined entity 3 (Late Lantern)
FLUX2 match initialized at 120 Hz
FLUX2 farflow rematch smoke: host gathered and ready for round 2
FLUX2 farflow hearth: company returned at host tick 2165
FLUX2 farflow hearth smoke: all ready; countdown started
FLUX2 match initialized at 120 Hz
FLUX2 farflow hearth: Proving Court round started at host tick 2527
FLUX2 farflow steward smoke: confirmed release sent for entity 2
FLUX2 farflow host: left entity 2 (River Guest)
FLUX2 farflow steward smoke: guest removed without reservation
