OK: Godot 4.7.1.stable.official.a13da4feb and FLUX 2 source foundation are present.
Export templates: C:\Users\sende\AppData\Roaming\Godot\export_templates\4.7.1.stable
Godot Engine v4.7.1.stable.official.a13da4feb - https://godotengine.org

FAIL: primer explains paid terminal matter and aim endpoints
FAIL: first page includes source expiry and the separate-cast requirement
player-compendium: 5063 assertions, 2 failures
FAIL: single projectile terminates at the captured point within fixed-point rounding
projectile-chemistry-integration: 10288 assertions, 1 failures
element-chemistry: 1948 assertions, 0 failures
FAIL: current trail/terminal state has a valid network envelope
FAIL: display replica accepts the new material role
FAIL: replica preserves deposit count; this is not mid-run authoritative continuation (expected=4 actual=0)
FAIL: current trail/terminal state has a valid network envelope
FAIL: display replica accepts the new material role
FAIL: replica preserves deposit count; this is not mid-run authoritative continuation (expected=1 actual=0)
FAIL: current trail/terminal state has a valid network envelope
FAIL: display replica accepts the new material role
FAIL: replica preserves deposit count; this is not mid-run authoritative continuation (expected=1 actual=0)
FAIL: current trail/terminal state has a valid network envelope
FAIL: display replica accepts the new material role
FAIL: replica preserves deposit count; this is not mid-run authoritative continuation (expected=1 actual=0)
FAIL: current trail/terminal state has a valid network envelope
FAIL: display replica accepts the new material role
FAIL: replica preserves deposit count; this is not mid-run authoritative continuation (expected=2 actual=0)
FAIL: current trail/terminal state has a valid network envelope
FAIL: display replica accepts the new material role
FAIL: replica preserves deposit count; this is not mid-run authoritative continuation (expected=1 actual=0)
FAIL: current trail/terminal state has a valid network envelope
FAIL: display replica accepts the new material role
FAIL: replica preserves deposit count; this is not mid-run authoritative continuation (expected=4 actual=0)
FAIL: current trail/terminal state has a valid network envelope
FAIL: display replica accepts the new material role
FAIL: replica preserves deposit count; this is not mid-run authoritative continuation (expected=1 actual=0)
FAIL: current trail/terminal state has a valid network envelope
FAIL: display replica accepts the new material role
FAIL: replica preserves deposit count; this is not mid-run authoritative continuation (expected=3 actual=0)
FAIL: current trail/terminal state has a valid network envelope
FAIL: display replica accepts the new material role
FAIL: replica preserves deposit count; this is not mid-run authoritative continuation (expected=1 actual=0)
FAIL: current trail/terminal state has a valid network envelope
FAIL: display replica accepts the new material role
FAIL: replica preserves deposit count; this is not mid-run authoritative continuation (expected=1 actual=0)
FAIL: current trail/terminal state has a valid network envelope
FAIL: display replica accepts the new material role
FAIL: replica preserves deposit count; this is not mid-run authoritative continuation (expected=1 actual=0)
FAIL: current trail/terminal state has a valid network envelope
FAIL: display replica accepts the new material role
FAIL: replica preserves deposit count; this is not mid-run authoritative continuation (expected=1 actual=0)
FAIL: current trail/terminal state has a valid network envelope
FAIL: display replica accepts the new material role
FAIL: replica preserves deposit count; this is not mid-run authoritative continuation (expected=1 actual=0)
FAIL: current trail/terminal state has a valid network envelope
FAIL: display replica accepts the new material role
FAIL: replica preserves deposit count; this is not mid-run authoritative continuation (expected=1 actual=0)
FAIL: current trail/terminal state has a valid network envelope
FAIL: display replica accepts the new material role
FAIL: replica preserves deposit count; this is not mid-run authoritative continuation (expected=1 actual=0)
element-trails: 15144 assertions, 48 failures
FAIL: real first cast identifies Fire matter (expected=Fire MATTER actual=Fire TRAIL)
FAIL: actual expiry clears the lesson without stale success (expected=invitation actual=matter)
FAIL: independent overlap does not recursively form a third reaction (expected=2 actual=3)
FAIL: both pairs consume only their four terminal inputs (expected=0 actual=2)
FAIL: expiry removes both finite results without recursive descendants (expected=0 actual=1)
FAIL: both expiry boundaries leave no stale counter lesson (expected=invitation actual=reaction)
FAIL: existing clear-line rule detects worldbone between actual Radiance origin and target
FAIL: worldbone prevents Radiance from applying reveal despite radius overlap (expected=0 actual=2)
FAIL: Steam remains concealing behind Radiance-blocking worldbone
chemistry-practice-coach: 4177 assertions, 9 failures
burst-projectile-presenter: 16539 assertions, 0 failures
pixel-magic-library: 42744 assertions, 0 failures
pixel-assets-export: 72 assertions, 0 failures
chemistry snapshot deposits=0 projectiles=128 reactions=32 raw_bytes=26804 fragments=8 largest_datagram=1296
chemistry snapshot deposits=64 projectiles=64 reactions=32 raw_bytes=26548 fragments=6 largest_datagram=1296
chemistry snapshot deposits=128 projectiles=0 reactions=32 raw_bytes=26292 fragments=6 largest_datagram=1296
session-snapshot: 1456 assertions, 0 failures
FAIL: 60 assertion(s) failed
Exception: C:\Users\sende\Projects\flux\scripts\flux2-common.ps1:83
Line |
  83 |  … -in @($bad)) { throw 'Godot emitted a script/import/runtime error.' }
     |                   ~~~~~~~~~~~~~~~~~~~~~~~~~~~~~~~~~~~~~~~~~~~~~~~~~~~~
     | Godot emitted a script/import/runtime error.
