Godot Engine v4.7.1.stable.official.a13da4feb - https://godotengine.org

authoritative-session: 113 assertions, 0 failures
action-transition-policy: 26 assertions, 0 failures
conservatory-route: 14 assertions, 0 failures
ability-content: 608 assertions, 0 failures
combat-definition-table: 235 assertions, 0 failures
champion-catalog: 25688 assertions, 0 failures
champion-roster-plan: 609 assertions, 0 failures
character-overview-model: 468 assertions, 0 failures
character-selection-model: 502 assertions, 0 failures
character-selection-grid: 887 assertions, 0 failures
character-gallery-integration: 65 assertions, 0 failures
movement-guide-model: 339 assertions, 0 failures
player-compendium: 2053 assertions, 0 failures
runtime-content-summary: 23 assertions, 0 failures
body-type-profile-catalog: 14653 assertions, 0 failures
control-binding-editor: 32 assertions, 0 failures
spell-loom-editor: 8715 assertions, 0 failures
RESOURCE_TUNING oh_tipi: flux=114.4; stamina=660.0; paid_primary_casts=19; exhaustion_ms=4600.000
RESOURCE_TUNING s_wayne: flux=123.2; stamina=594.0; paid_primary_casts=17; exhaustion_ms=5250.000
RESOURCE_TUNING red_baron: flux=105.6; stamina=792.0; paid_primary_casts=17; exhaustion_ms=4825.000
RESOURCE_TUNING grace_reava: flux=132.0; stamina=616.0; paid_primary_casts=22; exhaustion_ms=5325.000
RESOURCE_TUNING wa_bidi: flux=116.6; stamina=638.0; paid_primary_casts=19; exhaustion_ms=5075.000
RESOURCE_TUNING steezo: flux=123.2; stamina=594.0; paid_primary_casts=20; exhaustion_ms=5341.667
RESOURCE_TUNING treevor_mason: flux=105.6; stamina=792.0; paid_primary_casts=17; exhaustion_ms=5391.667
RESOURCE_TUNING oll_i: flux=105.6; stamina=792.0; paid_primary_casts=17; exhaustion_ms=5391.667
RESOURCE_TUNING fluup: flux=105.6; stamina=792.0; paid_primary_casts=17; exhaustion_ms=5391.667
RESOURCE_TUNING nico_lai: flux=123.2; stamina=594.0; paid_primary_casts=20; exhaustion_ms=5341.667
RESOURCE_TUNING spai_si: flux=114.4; stamina=660.0; paid_primary_casts=19; exhaustion_ms=6025.000
RESOURCE_TUNING leaf_hidden: flux=114.4; stamina=660.0; paid_primary_casts=19; exhaustion_ms=4600.000
RESOURCE_TUNING ha_rekt: flux=105.6; stamina=792.0; paid_primary_casts=17; exhaustion_ms=5391.667
RESOURCE_TUNING dr_apex: flux=105.6; stamina=792.0; paid_primary_casts=17; exhaustion_ms=5391.667
RESOURCE_TUNING haara: flux=123.2; stamina=594.0; paid_primary_casts=20; exhaustion_ms=6341.667
RESOURCE_TUNING hesus_christo: flux=114.4; stamina=660.0; paid_primary_casts=19; exhaustion_ms=6025.000
RESOURCE_TUNING grimm_bow: flux=105.6; stamina=792.0; paid_primary_casts=17; exhaustion_ms=5391.667
RESOURCE_TUNING biggy_bob: flux=114.4; stamina=660.0; paid_primary_casts=19; exhaustion_ms=6025.000
RESOURCE_TUNING jan_wicked: flux=114.4; stamina=660.0; paid_primary_casts=19; exhaustion_ms=6025.000
RESOURCE_TUNING ba_djoh: flux=105.6; stamina=792.0; paid_primary_casts=17; exhaustion_ms=5391.667
RESOURCE_TUNING urzh: flux=105.6; stamina=792.0; paid_primary_casts=17; exhaustion_ms=5391.667
RESOURCE_TUNING donnok: flux=114.4; stamina=660.0; paid_primary_casts=19; exhaustion_ms=6025.000
RESOURCE_TUNING djonah_thaan: flux=114.4; stamina=660.0; paid_primary_casts=16; exhaustion_ms=4941.667
RESOURCE_TUNING luuh_i_zeh: flux=123.2; stamina=594.0; paid_primary_casts=17; exhaustion_ms=5250.000
RESOURCE_TUNING juul_i_yaina: flux=123.2; stamina=594.0; paid_primary_casts=20; exhaustion_ms=6341.667
RESOURCE_TUNING faab_i_yaina: flux=114.4; stamina=660.0; paid_primary_casts=19; exhaustion_ms=5391.667
RESOURCE_TUNING joh_haynes: flux=105.6; stamina=792.0; paid_primary_casts=17; exhaustion_ms=5391.667
combat: 24523 assertions, 0 failures
collision-broadphase: 21781 assertions, 0 failures
training-target-system: 1509 assertions, 0 failures
PROJECTILE_TUNING cinderbolt: speed=840000->672000; flight_ticks=150->188; travel=1050.000->1052.800; 300u_ticks=43->54
PROJECTILE_TUNING cinder-fan: speed=700000->560000; flight_ticks=132->165; travel=770.000->770.000; 300u_ticks=52->65
PROJECTILE_TUNING rillshot: speed=900000->720000; flight_ticks=138->173; travel=1035.000->1038.000; 300u_ticks=40->50
PROJECTILE_TUNING rill-burst: speed=700000->560000; flight_ticks=132->165; travel=770.000->770.000; 300u_ticks=52->65
PROJECTILE_TUNING flintshot: speed=720000->576000; flight_ticks=192->240; travel=1152.000->1152.000; 300u_ticks=50->63
PROJECTILE_TUNING stone-burst: speed=700000->560000; flight_ticks=132->165; travel=770.000->770.000; 300u_ticks=52->65
PROJECTILE_TUNING gale-needle: speed=720000->576000; flight_ticks=192->240; travel=1152.000->1152.000; 300u_ticks=50->63
PROJECTILE_TUNING gale-burst: speed=700000->560000; flight_ticks=132->165; travel=770.000->770.000; 300u_ticks=52->65
PROJECTILE_TUNING arc-primary: speed=960000->768000; flight_ticks=144->180; travel=1152.000->1152.000; 300u_ticks=38->47
PROJECTILE_TUNING arc-burst: speed=700000->560000; flight_ticks=132->165; travel=770.000->770.000; 300u_ticks=52->65
PROJECTILE_TUNING rimeshard: speed=720000->576000; flight_ticks=192->240; travel=1152.000->1152.000; 300u_ticks=50->63
PROJECTILE_TUNING rime-burst: speed=700000->560000; flight_ticks=132->165; travel=770.000->770.000; 300u_ticks=52->65
PROJECTILE_TUNING dawn-needle: speed=720000->576000; flight_ticks=192->240; travel=1152.000->1152.000; 300u_ticks=50->63
PROJECTILE_TUNING prism-burst: speed=700000->560000; flight_ticks=132->165; travel=770.000->770.000; 300u_ticks=52->65
PROJECTILE_TUNING eclipse-disc: speed=780000->624000; flight_ticks=192->240; travel=1248.000->1248.000; 300u_ticks=47->58
PROJECTILE_TUNING eclipse-burst: speed=700000->560000; flight_ticks=132->165; travel=770.000->770.000; 300u_ticks=52->65
PROJECTILE_TUNING vector-lance: speed=850000->680000; flight_ticks=180->225; travel=1275.000->1275.000; 300u_ticks=43->53
elemental-bursts: 487 assertions, 0 failures
spell-delivery-expansion: 13255 assertions, 0 failures
projectile-chemistry-integration: 9538 assertions, 0 failures
reaction-catalog: 479 assertions, 0 failures
element-chemistry: 1733 assertions, 0 failures
core: 21 assertions, 0 failures
CANONICAL_ENCODING_PROBE values=8192 repeats=5 reference_median_us=6913 native_median_us=2159 reference_max_us=7315 native_max_us=3437
canonical-bytes: 4815 assertions, 0 failures
environment-kit-manifest: 64 assertions, 0 failures
visual-language: 87 assertions, 0 failures
element-glyph-renderer: 1078 assertions, 0 failures
visual-accessibility-filter: 14 assertions, 0 failures
eight-direction-resolver: 64 assertions, 0 failures
compact-combat-hud: 161 assertions, 0 failures
wellspring-interaction-presenter: 37 assertions, 0 failures
CHAMPION_ATLAS_SETUP live=27 extensions=2 capacity=24 decoded_payload_bytes=14745600 configure_us=103462
cartoon-champion-presenter: 31839 assertions, 0 failures
minimal-champion-motion: 17704 assertions, 0 failures
natural-map-kit: 35 assertions, 0 failures
wellspring-wayfinding: 29 assertions, 0 failures
wellspring-environment-kit: 23 assertions, 0 failures
wellspring-architecture-kit: 64 assertions, 0 failures
ILLUSTRATED_SETUP: 198 ms; 0 props; one terrain texture
wellspring-illustrated-kit: 153 assertions, 0 failures
foundation-spell-presenter: 2499 assertions, 0 failures
heavy-blast-presenter: 27671 assertions, 0 failures
spell-animation-skeleton-library: 18 assertions, 0 failures
burst-projectile-presenter: 445 assertions, 0 failures
element-chemistry-presenter: 17376 assertions, 0 failures
pixel-magic-library: 42744 assertions, 0 failures
pixel-effect-geometry: 50993 assertions, 0 failures
PIXEL_MAP_SETUP: 113ms;4 cached atlases;one ground texture;original palette
pixel-map-library: 7906 assertions, 0 failures
pixel-assets-export: 66 assertions, 0 failures
hub-definition: 46 assertions, 0 failures
input-router: 542 assertions, 0 failures
jump-presentation: 720 assertions, 0 failures
actor-motion-history: 275 assertions, 0 failures
landing-presentation: 117 assertions, 0 failures
material-content: 35 assertions, 0 failures
material-grid: 30 assertions, 0 failures
player-preferences: 155 assertions, 0 failures
sanctum-campus-layout: 430 assertions, 0 failures
sanctum-station-model: 19 assertions, 0 failures
session-transport: 231 assertions, 0 failures
lan-lobby: 25 assertions, 0 failures
session-steward: 19 assertions, 0 failures
spectator-focus: 14 assertions, 0 failures
session-charter: 24 assertions, 0 failures
session-hearth: 36 assertions, 0 failures
session-round: 55 assertions, 0 failures
chemistry snapshot deposits=0 projectiles=128 reactions=32 raw_bytes=26804 fragments=8 largest_datagram=1296
chemistry snapshot deposits=64 projectiles=64 reactions=32 raw_bytes=26548 fragments=6 largest_datagram=1296
chemistry snapshot deposits=128 projectiles=0 reactions=32 raw_bytes=26292 fragments=6 largest_datagram=1296
session-snapshot: 1402 assertions, 0 failures
client-prediction: 10958 assertions, 0 failures
session-request-policy: 117 assertions, 0 failures
sanctum-runtime-kit: 46 assertions, 0 failures
sight-occlusion: 11 assertions, 0 failures
movement-response: 214 assertions, 0 failures
movement: 1266 assertions, 0 failures
movement-revision: 1394 assertions, 0 failures
movement route middle champion=oh_tipi minimum Stamina after Slide-Jump-Evade=571067
movement route small champion=s_wayne minimum Stamina after Slide-Jump-Evade=505067
movement route large champion=red_baron minimum Stamina after Slide-Jump-Evade=703067
movement-overhaul: 31847 assertions, 0 failures
height direction (0, 1000) full=28900 tap=22200 full_ticks=34 tap_ticks=30 float=28800
height direction (707, 707) full=28900 tap=22200 full_ticks=34 tap_ticks=30 float=28800
height direction (1000, 0) full=28900 tap=22200 full_ticks=34 tap_ticks=30 float=28800
height direction (707, -707) full=28900 tap=22200 full_ticks=34 tap_ticks=30 float=28800
height direction (0, -1000) full=28900 tap=22200 full_ticks=34 tap_ticks=30 float=28800
height direction (-707, -707) full=28900 tap=22200 full_ticks=34 tap_ticks=30 float=28800
height direction (-1000, 0) full=28900 tap=22200 full_ticks=34 tap_ticks=30 float=28800
height direction (-707, 707) full=28900 tap=22200 full_ticks=34 tap_ticks=30 float=28800
movement-height: 11004 assertions, 0 failures
movement-float: 14537 assertions, 0 failures
movement-practice-trace: 14 assertions, 0 failures
player-resources: 88 assertions, 0 failures
skeleton-animation-library: 8976 assertions, 0 failures
visual-asset-registry: 16 assertions, 0 failures
image-asset-inspector: 6 assertions, 0 failures
wellspring-character-sprite: 67 assertions, 0 failures
complete-visual-catalog: 94 assertions, 0 failures
wellspring-visual-catalog: 269 assertions, 0 failures
replay: 14 assertions, 0 failures
PASS: all FLUX2 headless suites
