Godot Engine v4.7.1.stable.official.a13da4feb - https://godotengine.org

[   0% ] [90m[1mfirst_scan_filesystem[22m | Started Project initialization (5 steps)[39m[0m
[   0% ] [90m[1mfirst_scan_filesystem[22m | Scanning file structure...[39m[0m
[  16% ] [90m[1mfirst_scan_filesystem[22m | Loading global class names...[39m[0m
[  33% ] [90m[1mfirst_scan_filesystem[22m | Verifying GDExtensions...[39m[0m
[  50% ] [90m[1mfirst_scan_filesystem[22m | Creating autoload scripts...[39m[0m
[  66% ] [90m[1mfirst_scan_filesystem[22m | Initializing plugins...[39m[0m
[  83% ] [90m[1mfirst_scan_filesystem[22m | Starting file scan...[39m[0m
[92m[ DONE ][39m [1mfirst_scan_filesystem[22m
[0m
[   0% ] [90m[1mupdate_scripts_classes[22m | Started Registering global classes... (10 steps)[39m[0m
[   0% ] [90m[1mupdate_scripts_classes[22m | [39m[0m
[   9% ] [90m[1mupdate_scripts_classes[22m | ChemistryPracticeCoach[39m[0m
[  18% ] [90m[1mupdate_scripts_classes[22m | CombatFeedbackModel[39m[0m
[  27% ] [90m[1mupdate_scripts_classes[22m | [39m[0m
[  36% ] [90m[1mupdate_scripts_classes[22m | [39m[0m
[  45% ] [90m[1mupdate_scripts_classes[22m | [39m[0m
[  54% ] [90m[1mupdate_scripts_classes[22m | [39m[0m
[  63% ] [90m[1mupdate_scripts_classes[22m | [39m[0m
[  72% ] [90m[1mupdate_scripts_classes[22m | [39m[0m
[  81% ] [90m[1mupdate_scripts_classes[22m | [39m[0m
[92m[ DONE ][39m [1mupdate_scripts_classes[22m
[0m
[   0% ] [90m[1m_update_scan_actions[22m | Started Scanning actions... (19 steps)[39m[0m
[   0% ] [90m[1m_update_scan_actions[22m | active-normal.png[39m[0m
[   5% ] [90m[1m_update_scan_actions[22m | active-reduced.png[39m[0m
[  10% ] [90m[1m_update_scan_actions[22m | active-zoom50-normal.png[39m[0m
[  15% ] [90m[1m_update_scan_actions[22m | active-zoom75-normal.png[39m[0m
[  20% ] [90m[1m_update_scan_actions[22m | decay-normal.png[39m[0m
[  25% ] [90m[1m_update_scan_actions[22m | decay-reduced.png[39m[0m
[  30% ] [90m[1m_update_scan_actions[22m | expired-normal.png[39m[0m
[  35% ] [90m[1m_update_scan_actions[22m | forming-normal.png[39m[0m
[  40% ] [90m[1m_update_scan_actions[22m | forming-reduced.png[39m[0m
[  45% ] [90m[1m_update_scan_actions[22m | invitation-normal.png[39m[0m
[  50% ] [90m[1m_update_scan_actions[22m | invitation-reduced.png[39m[0m
[  55% ] [90m[1m_update_scan_actions[22m | matter-normal.png[39m[0m
[  60% ] [90m[1m_update_scan_actions[22m | matter-reduced.png[39m[0m
[  65% ] [90m[1m_update_scan_actions[22m | beam_fired-normal.png[39m[0m
[  70% ] [90m[1m_update_scan_actions[22m | beam_fired-reduced.png[39m[0m
[  75% ] [90m[1m_update_scan_actions[22m | field_triggered-normal.png[39m[0m
[  80% ] [90m[1m_update_scan_actions[22m | field_triggered-reduced.png[39m[0m
[  85% ] [90m[1m_update_scan_actions[22m | spray_hit-normal.png[39m[0m
[  90% ] [90m[1m_update_scan_actions[22m | spray_hit-reduced.png[39m[0m
[92m[ DONE ][39m [1m_update_scan_actions[22m
[0m
[   0% ] [90m[1mreimport[22m | Started (Re)Importing Assets (19 steps)[39m[0m
[   0% ] [90m[1mreimport[22m | Preparing files to reimport...[39m[0m
[   5% ] [90m[1mreimport[22m | Preparing files to reimport...[39m[0m
[  10% ] [90m[1mreimport[22m | Preparing files to reimport...[39m[0m
[  15% ] [90m[1mreimport[22m | Preparing files to reimport...[39m[0m
[  20% ] [90m[1mreimport[22m | Preparing files to reimport...[39m[0m
[  25% ] [90m[1mreimport[22m | Preparing files to reimport...[39m[0m
[  30% ] [90m[1mreimport[22m | Preparing files to reimport...[39m[0m
[  35% ] [90m[1mreimport[22m | Preparing files to reimport...[39m[0m
[  40% ] [90m[1mreimport[22m | Preparing files to reimport...[39m[0m
[  45% ] [90m[1mreimport[22m | Preparing files to reimport...[39m[0m
[  50% ] [90m[1mreimport[22m | Preparing files to reimport...[39m[0m
[  55% ] [90m[1mreimport[22m | Preparing files to reimport...[39m[0m
[  60% ] [90m[1mreimport[22m | Preparing files to reimport...[39m[0m
[  65% ] [90m[1mreimport[22m | Preparing files to reimport...[39m[0m
[  70% ] [90m[1mreimport[22m | Preparing files to reimport...[39m[0m
[  75% ] [90m[1mreimport[22m | Preparing files to reimport...[39m[0m
[  80% ] [90m[1mreimport[22m | Preparing files to reimport...[39m[0m
[  85% ] [90m[1mreimport[22m | Preparing files to reimport...[39m[0m
[  90% ] [90m[1mreimport[22m | Preparing files to reimport...[39m[0m
[   0% ] [90m[1mreimport[22m | Executing pre-reimport operations...[39m[0m
[   0% ] [90m[1mreimport[22m | spray_hit-reduced.png[39m[0m
[   5% ] [90m[1mreimport[22m | spray_hit-normal.png[39m[0m
[  10% ] [90m[1mreimport[22m | field_triggered-reduced.png[39m[0m
[  15% ] [90m[1mreimport[22m | field_triggered-normal.png[39m[0m
[  20% ] [90m[1mreimport[22m | beam_fired-reduced.png[39m[0m
[  25% ] [90m[1mreimport[22m | beam_fired-normal.png[39m[0m
[  30% ] [90m[1mreimport[22m | matter-reduced.png[39m[0m
[  35% ] [90m[1mreimport[22m | matter-normal.png[39m[0m
[  40% ] [90m[1mreimport[22m | invitation-reduced.png[39m[0m
[  45% ] [90m[1mreimport[22m | invitation-normal.png[39m[0m
[  50% ] [90m[1mreimport[22m | forming-reduced.png[39m[0m
[  55% ] [90m[1mreimport[22m | forming-normal.png[39m[0m
[  60% ] [90m[1mreimport[22m | expired-normal.png[39m[0m
[  65% ] [90m[1mreimport[22m | decay-reduced.png[39m[0m
[  70% ] [90m[1mreimport[22m | decay-normal.png[39m[0m
[  75% ] [90m[1mreimport[22m | active-zoom75-normal.png[39m[0m
[  80% ] [90m[1mreimport[22m | active-zoom50-normal.png[39m[0m
[  85% ] [90m[1mreimport[22m | active-reduced.png[39m[0m
[  90% ] [90m[1mreimport[22m | active-normal.png[39m[0m
[  95% ] [90m[1mreimport[22m | Finalizing Asset Import...[39m[0m
[92m[ DONE ][39m [1mreimport[22m
[0m
[   0% ] [90m[1mreimport[22m | Started (Re)Importing Assets (19 steps)[39m[0m
[   0% ] [90m[1mreimport[22m | Executing post-reimport operations...[39m[0m
[92m[ DONE ][39m [1mreimport[22m
[0m
[   0% ] [90m[1mloading_editor_layout[22m | Started Loading editor (5 steps)[39m[0m
[   0% ] [90m[1mloading_editor_layout[22m | Loading editor layout...[39m[0m
[  16% ] [90m[1mloading_editor_layout[22m | Loading docks...[39m[0m
[  33% ] [90m[1mloading_editor_layout[22m | Reopening scenes...[39m[0m
[  50% ] [90m[1mloading_editor_layout[22m | Loading central editor layout...[39m[0m
[  66% ] [90m[1mloading_editor_layout[22m | Loading plugin window layout...[39m[0m
[  83% ] [90m[1mloading_editor_layout[22m | Editor layout ready.[39m[0m
[92m[ DONE ][39m [1mloading_editor_layout[22m
[0m
