Godot Engine v4.7.1.stable.official.a13da4feb - https://godotengine.org
OpenGL API OpenGL ES 3.0 (ANGLE 2.1.1 git hash: aaebda1c5a40) - Compatibility - Using Device: Google Inc. (AMD) - ANGLE (AMD, AMD Radeon(TM) Graphics (0x00001506) Direct3D11 vs_5_0 ps_5_0, D3D11-32.0.21045.5002)

RENDERED res://.godot/pov-projection-render-v1/s_wayne-south-cone360-ground.png
RENDERED res://.godot/pov-projection-render-v1/s_wayne-south-cone15-jump.png
RENDERED res://.godot/pov-projection-render-v1/s_wayne-south_east-cone360-ground.png
RENDERED res://.godot/pov-projection-render-v1/s_wayne-south_east-cone15-jump.png
RENDERED res://.godot/pov-projection-render-v1/s_wayne-east-cone360-ground.png
RENDERED res://.godot/pov-projection-render-v1/s_wayne-east-cone15-jump.png
RENDERED res://.godot/pov-projection-render-v1/s_wayne-north_east-cone360-ground.png
RENDERED res://.godot/pov-projection-render-v1/s_wayne-north_east-cone15-jump.png
RENDERED res://.godot/pov-projection-render-v1/s_wayne-north-cone360-ground.png
RENDERED res://.godot/pov-projection-render-v1/s_wayne-north-cone15-jump.png
RENDERED res://.godot/pov-projection-render-v1/s_wayne-north_west-cone360-ground.png
RENDERED res://.godot/pov-projection-render-v1/s_wayne-north_west-cone15-jump.png
RENDERED res://.godot/pov-projection-render-v1/s_wayne-west-cone360-ground.png
RENDERED res://.godot/pov-projection-render-v1/s_wayne-west-cone15-jump.png
RENDERED res://.godot/pov-projection-render-v1/s_wayne-south_west-cone360-ground.png
RENDERED res://.godot/pov-projection-render-v1/s_wayne-south_west-cone15-jump.png
RENDERED res://.godot/pov-projection-render-v1/oh_tipi-south-cone360-ground.png
RENDERED res://.godot/pov-projection-render-v1/oh_tipi-south-cone15-jump.png
RENDERED res://.godot/pov-projection-render-v1/oh_tipi-south_east-cone360-ground.png
RENDERED res://.godot/pov-projection-render-v1/oh_tipi-south_east-cone15-jump.png
RENDERED res://.godot/pov-projection-render-v1/oh_tipi-east-cone360-ground.png
RENDERED res://.godot/pov-projection-render-v1/oh_tipi-east-cone15-jump.png
RENDERED res://.godot/pov-projection-render-v1/oh_tipi-north_east-cone360-ground.png
RENDERED res://.godot/pov-projection-render-v1/oh_tipi-north_east-cone15-jump.png
RENDERED res://.godot/pov-projection-render-v1/oh_tipi-north-cone360-ground.png
RENDERED res://.godot/pov-projection-render-v1/oh_tipi-north-cone15-jump.png
RENDERED res://.godot/pov-projection-render-v1/oh_tipi-north_west-cone360-ground.png
RENDERED res://.godot/pov-projection-render-v1/oh_tipi-north_west-cone15-jump.png
RENDERED res://.godot/pov-projection-render-v1/oh_tipi-west-cone360-ground.png
RENDERED res://.godot/pov-projection-render-v1/oh_tipi-west-cone15-jump.png
RENDERED res://.godot/pov-projection-render-v1/oh_tipi-south_west-cone360-ground.png
RENDERED res://.godot/pov-projection-render-v1/oh_tipi-south_west-cone15-jump.png
RENDERED res://.godot/pov-projection-render-v1/red_baron-south-cone360-ground.png
RENDERED res://.godot/pov-projection-render-v1/red_baron-south-cone15-jump.png
RENDERED res://.godot/pov-projection-render-v1/red_baron-south_east-cone360-ground.png
RENDERED res://.godot/pov-projection-render-v1/red_baron-south_east-cone15-jump.png
RENDERED res://.godot/pov-projection-render-v1/red_baron-east-cone360-ground.png
RENDERED res://.godot/pov-projection-render-v1/red_baron-east-cone15-jump.png
RENDERED res://.godot/pov-projection-render-v1/red_baron-north_east-cone360-ground.png
RENDERED res://.godot/pov-projection-render-v1/red_baron-north_east-cone15-jump.png
RENDERED res://.godot/pov-projection-render-v1/red_baron-north-cone360-ground.png
RENDERED res://.godot/pov-projection-render-v1/red_baron-north-cone15-jump.png
RENDERED res://.godot/pov-projection-render-v1/red_baron-north_west-cone360-ground.png
RENDERED res://.godot/pov-projection-render-v1/red_baron-north_west-cone15-jump.png
RENDERED res://.godot/pov-projection-render-v1/red_baron-west-cone360-ground.png
RENDERED res://.godot/pov-projection-render-v1/red_baron-west-cone15-jump.png
RENDERED res://.godot/pov-projection-render-v1/red_baron-south_west-cone360-ground.png
RENDERED res://.godot/pov-projection-render-v1/red_baron-south_west-cone15-jump.png
RENDERED res://.godot/pov-projection-render-v1/rear-corner-full-control.png
RENDERED res://.godot/pov-projection-render-v1/rear-corner-cone-blocked.png
PASS: 50 actual game POV frames; all8aims/3sizes,360ground ellipse,15degree paidjump; real opaque rear-corner control/blocked pair; draw authority unchanged
