Godot Engine v4.7.1.stable.official.a13da4feb - https://godotengine.org

CIRCLE_QUERY_META {"all_queries":39230,"all_tick_state_and_event_trace_sha256":"ff2bdc56764b3440760974b7e81ae2b11660e83c1180c32d8d3673ec6de7f543","broad_misses":24558,"cleanup_ticks":741,"event_counts":{"cast_refused":13,"cast_started":157,"chemistry_formed":76,"projectile_expired":202,"projectile_spawned":225},"final_hash":"d4dafe70a3c318a00dc1ced33d4bdcd49b7ae18308a9f33f31f0dfe9f1bede25","real_broad_misses":20734,"real_survivor_queries":20734,"runtime_probe_sha256":"c8a7b543c75f24d3df13533f75be16269749a3016dee3b32fef2288c99132160","sample_stride_ticks":12,"scope":"post-step survivor queries; excludes terminated projectiles; not exact production invocation counts; trace covers every warmup/measured/cleanup/idle state and ordered event batch","seed":609122,"source_combat_sha256":"788cc518ef1b59ae042b58792b777cc45d26296425a4ecd5a5fcc1a907f6b874","survivor_eligible_pairs_per_tick":{"max":672,"median":336,"p95":672,"p99":672},"world_seed":608120}
CIRCLE_QUERY_BENCH {"calls":82936,"candidate":false,"candidate_first":false,"checksum":0,"elapsed_us":166943,"workload":"paid-mixed-survivors"}
CIRCLE_QUERY_BENCH {"calls":82936,"candidate":true,"candidate_first":false,"checksum":0,"elapsed_us":110929,"workload":"paid-mixed-survivors"}
CIRCLE_QUERY_BENCH {"calls":82936,"candidate":true,"candidate_first":true,"checksum":0,"elapsed_us":117097,"workload":"paid-mixed-survivors"}
CIRCLE_QUERY_BENCH {"calls":82936,"candidate":false,"candidate_first":true,"checksum":0,"elapsed_us":164611,"workload":"paid-mixed-survivors"}
CIRCLE_QUERY_BENCH {"calls":9216,"candidate":false,"candidate_first":false,"checksum":6456,"elapsed_us":15771,"workload":"boundary-and-near-hit"}
CIRCLE_QUERY_BENCH {"calls":9216,"candidate":true,"candidate_first":false,"checksum":6456,"elapsed_us":20124,"workload":"boundary-and-near-hit"}
CIRCLE_QUERY_BENCH {"calls":9216,"candidate":true,"candidate_first":true,"checksum":6456,"elapsed_us":19923,"workload":"boundary-and-near-hit"}
CIRCLE_QUERY_BENCH {"calls":9216,"candidate":false,"candidate_first":true,"checksum":6456,"elapsed_us":14654,"workload":"boundary-and-near-hit"}
CIRCLE_QUERY_BENCH {"calls":32768,"candidate":false,"candidate_first":false,"checksum":22432,"elapsed_us":44185,"workload":"synthetic-eight-target-close-cluster"}
CIRCLE_QUERY_BENCH {"calls":32768,"candidate":true,"candidate_first":false,"checksum":22432,"elapsed_us":63347,"workload":"synthetic-eight-target-close-cluster"}
CIRCLE_QUERY_BENCH {"calls":32768,"candidate":true,"candidate_first":true,"checksum":22432,"elapsed_us":69529,"workload":"synthetic-eight-target-close-cluster"}
CIRCLE_QUERY_BENCH {"calls":32768,"candidate":false,"candidate_first":true,"checksum":22432,"elapsed_us":48728,"workload":"synthetic-eight-target-close-cluster"}
RESOURCE_TUNING oh_tipi: flux=114.4; stamina=660.0; paid_primary_casts=19; exhaustion_ms=4600.000
RESOURCE_TUNING s_wayne: flux=123.2; stamina=594.0; paid_primary_casts=17; exhaustion_ms=5250.000
RESOURCE_TUNING red_baron: flux=105.6; stamina=792.0; paid_primary_casts=17; exhaustion_ms=4825.000
RESOURCE_TUNING grace_reava: flux=132.0; stamina=616.0; paid_primary_casts=22; exhaustion_ms=5325.000
RESOURCE_TUNING wa_bidi: flux=116.6; stamina=638.0; paid_primary_casts=19; exhaustion_ms=5075.000
RESOURCE_TUNING steezo: flux=123.2; stamina=594.0; paid_primary_casts=20; exhaustion_ms=5341.667
RESOURCE_TUNING treevor_mason: flux=105.6; stamina=792.0; paid_primary_casts=17; exhaustion_ms=5391.667
RESOURCE_TUNING oll_i: flux=105.6; stamina=792.0; paid_primary_casts=17; exhaustion_ms=5391.667
RESOURCE_TUNING fluup: flux=105.6; stamina=792.0; paid_primary_casts=17; exhaustion_ms=5391.667
RESOURCE_TUNING nico_lai: flux=123.2; stamina=594.0; paid_primary_casts=20; exhaustion_ms=5341.667
RESOURCE_TUNING spai_si: flux=114.4; stamina=660.0; paid_primary_casts=19; exhaustion_ms=6025.000
RESOURCE_TUNING leaf_hidden: flux=114.4; stamina=660.0; paid_primary_casts=19; exhaustion_ms=4600.000
RESOURCE_TUNING ha_rekt: flux=105.6; stamina=792.0; paid_primary_casts=17; exhaustion_ms=5391.667
RESOURCE_TUNING dr_apex: flux=105.6; stamina=792.0; paid_primary_casts=17; exhaustion_ms=5391.667
RESOURCE_TUNING haara: flux=123.2; stamina=594.0; paid_primary_casts=20; exhaustion_ms=6341.667
RESOURCE_TUNING hesus_christo: flux=114.4; stamina=660.0; paid_primary_casts=19; exhaustion_ms=6025.000
RESOURCE_TUNING grimm_bow: flux=105.6; stamina=792.0; paid_primary_casts=17; exhaustion_ms=5391.667
RESOURCE_TUNING biggy_bob: flux=114.4; stamina=660.0; paid_primary_casts=19; exhaustion_ms=6025.000
RESOURCE_TUNING jan_wicked: flux=114.4; stamina=660.0; paid_primary_casts=19; exhaustion_ms=6025.000
RESOURCE_TUNING ba_djoh: flux=105.6; stamina=792.0; paid_primary_casts=17; exhaustion_ms=5391.667
RESOURCE_TUNING urzh: flux=105.6; stamina=792.0; paid_primary_casts=17; exhaustion_ms=5391.667
RESOURCE_TUNING donnok: flux=114.4; stamina=660.0; paid_primary_casts=19; exhaustion_ms=6025.000
RESOURCE_TUNING djonah_thaan: flux=114.4; stamina=660.0; paid_primary_casts=16; exhaustion_ms=4941.667
RESOURCE_TUNING luuh_i_zeh: flux=123.2; stamina=594.0; paid_primary_casts=17; exhaustion_ms=5250.000
RESOURCE_TUNING juul_i_yaina: flux=123.2; stamina=594.0; paid_primary_casts=20; exhaustion_ms=6341.667
RESOURCE_TUNING faab_i_yaina: flux=114.4; stamina=660.0; paid_primary_casts=19; exhaustion_ms=5391.667
RESOURCE_TUNING joh_haynes: flux=105.6; stamina=792.0; paid_primary_casts=17; exhaustion_ms=5391.667
combat: 24612 assertions, 0 failures
projectile-chemistry-integration: 10459 assertions, 0 failures
PASS: projectile-circle-equivalence; 157458 assertions; 0 failures; queries=40254
