Godot Engine v4.7.1.stable.official.a13da4feb - https://godotengine.org

[   0% ] [90m[1mfirst_scan_filesystem[22m | Started Project initialization (5 steps)[39m[0m
[   0% ] [90m[1mfirst_scan_filesystem[22m | Scanning file structure...[39m[0m
[  16% ] [90m[1mfirst_scan_filesystem[22m | Loading global class names...[39m[0m
[  33% ] [90m[1mfirst_scan_filesystem[22m | Verifying GDExtensions...[39m[0m
[  50% ] [90m[1mfirst_scan_filesystem[22m | Creating autoload scripts...[39m[0m
[  66% ] [90m[1mfirst_scan_filesystem[22m | Initializing plugins...[39m[0m
[  83% ] [90m[1mfirst_scan_filesystem[22m | Starting file scan...[39m[0m
[92m[ DONE ][39m [1mfirst_scan_filesystem[22m
[0m
[   0% ] [90m[1mupdate_scripts_classes[22m | Started Registering global classes... (5 steps)[39m[0m
[   0% ] [90m[1mupdate_scripts_classes[22m | [39m[0m
[  16% ] [90m[1mupdate_scripts_classes[22m | [39m[0m
[  33% ] [90m[1mupdate_scripts_classes[22m | [39m[0m
[  50% ] [90m[1mupdate_scripts_classes[22m | CartoonChampionPresenter[39m[0m
[  66% ] [90m[1mupdate_scripts_classes[22m | [39m[0m
[92m[ DONE ][39m [1mupdate_scripts_classes[22m
[0m
[   0% ] [90m[1m_update_scan_actions[22m | Started Scanning actions... (49 steps)[39m[0m
[   0% ] [90m[1m_update_scan_actions[22m | native-dark-01.png[39m[0m
[   2% ] [90m[1m_update_scan_actions[22m | native-light-02.png[39m[0m
[   4% ] [90m[1m_update_scan_actions[22m | sprint-east-source-review.png[39m[0m
[   6% ] [90m[1m_update_scan_actions[22m | core_poses_v1-removal-mask.png[39m[0m
[   8% ] [90m[1m_update_scan_actions[22m | sprint_back_v1-removal-mask.png[39m[0m
[  10% ] [90m[1m_update_scan_actions[22m | treevor_mason.png[39m[0m
[  12% ] [90m[1m_update_scan_actions[22m | walk_pairs_v1-removal-mask.png[39m[0m
[  14% ] [90m[1m_update_scan_actions[22m | contact_repair_v1-removal-mask.png[39m[0m
[  16% ] [90m[1m_update_scan_actions[22m | core_poses_v1-removal-mask.png[39m[0m
[  18% ] [90m[1m_update_scan_actions[22m | sprint_back_v1-removal-mask.png[39m[0m
[  20% ] [90m[1m_update_scan_actions[22m | treevor_mason.png[39m[0m
[  22% ] [90m[1m_update_scan_actions[22m | walk_pairs_v1-removal-mask.png[39m[0m
[  24% ] [90m[1m_update_scan_actions[22m | contact-dark-1x-01.png[39m[0m
[  26% ] [90m[1m_update_scan_actions[22m | contact-dark-1x-02.png[39m[0m
[  28% ] [90m[1m_update_scan_actions[22m | contact-dark-2x-01.png[39m[0m
[  30% ] [90m[1m_update_scan_actions[22m | contact-dark-2x-02.png[39m[0m
[  32% ] [90m[1m_update_scan_actions[22m | contact-dark-2x-03.png[39m[0m
[  34% ] [90m[1m_update_scan_actions[22m | contact-dark-2x-04.png[39m[0m
[  36% ] [90m[1m_update_scan_actions[22m | contact-dark-2x-05.png[39m[0m
[  38% ] [90m[1m_update_scan_actions[22m | contact-dark-2x-06.png[39m[0m
[  40% ] [90m[1m_update_scan_actions[22m | contact-dark-2x-07.png[39m[0m
[  42% ] [90m[1m_update_scan_actions[22m | contact-dark-2x-08.png[39m[0m
[  44% ] [90m[1m_update_scan_actions[22m | contact-dark-2x-09.png[39m[0m
[  46% ] [90m[1m_update_scan_actions[22m | contact-dark-2x-10.png[39m[0m
[  48% ] [90m[1m_update_scan_actions[22m | contact-light-1x-01.png[39m[0m
[  50% ] [90m[1m_update_scan_actions[22m | contact-light-1x-02.png[39m[0m
[  52% ] [90m[1m_update_scan_actions[22m | contact-light-2x-01.png[39m[0m
[  54% ] [90m[1m_update_scan_actions[22m | contact-light-2x-02.png[39m[0m
[  56% ] [90m[1m_update_scan_actions[22m | contact-light-2x-03.png[39m[0m
[  58% ] [90m[1m_update_scan_actions[22m | contact-light-2x-04.png[39m[0m
[  60% ] [90m[1m_update_scan_actions[22m | contact-light-2x-05.png[39m[0m
[  62% ] [90m[1m_update_scan_actions[22m | contact-light-2x-06.png[39m[0m
[  64% ] [90m[1m_update_scan_actions[22m | contact-light-2x-07.png[39m[0m
[  66% ] [90m[1m_update_scan_actions[22m | contact-light-2x-08.png[39m[0m
[  68% ] [90m[1m_update_scan_actions[22m | contact-light-2x-09.png[39m[0m
[  70% ] [90m[1m_update_scan_actions[22m | contact-light-2x-10.png[39m[0m
[  72% ] [90m[1m_update_scan_actions[22m | sprint-dark-0.png[39m[0m
[  74% ] [90m[1m_update_scan_actions[22m | sprint-dark-1.png[39m[0m
[  76% ] [90m[1m_update_scan_actions[22m | sprint-light-0.png[39m[0m
[  78% ] [90m[1m_update_scan_actions[22m | sprint-light-1.png[39m[0m
[  80% ] [90m[1m_update_scan_actions[22m | walk-dark-0.png[39m[0m
[  82% ] [90m[1m_update_scan_actions[22m | walk-dark-1.png[39m[0m
[  84% ] [90m[1m_update_scan_actions[22m | walk-light-0.png[39m[0m
[  86% ] [90m[1m_update_scan_actions[22m | walk-light-1.png[39m[0m
[  88% ] [90m[1m_update_scan_actions[22m | contact-reference-three-4x.png[39m[0m
[  90% ] [90m[1m_update_scan_actions[22m | contact-repair-v1.png[39m[0m
[  92% ] [90m[1m_update_scan_actions[22m | sprint-back-v1.png[39m[0m
[  94% ] [90m[1m_update_scan_actions[22m | gallery-four-pages.png[39m[0m
[  96% ] [90m[1m_update_scan_actions[22m | jan-wellspring.png[39m[0m
[92m[ DONE ][39m [1m_update_scan_actions[22m
[0m
[   0% ] [90m[1mreimport[22m | Started (Re)Importing Assets (49 steps)[39m[0m
[   0% ] [90m[1mreimport[22m | Preparing files to reimport...[39m[0m
[   2% ] [90m[1mreimport[22m | Preparing files to reimport...[39m[0m
[   4% ] [90m[1mreimport[22m | Preparing files to reimport...[39m[0m
[   6% ] [90m[1mreimport[22m | Preparing files to reimport...[39m[0m
[   8% ] [90m[1mreimport[22m | Preparing files to reimport...[39m[0m
[  10% ] [90m[1mreimport[22m | Preparing files to reimport...[39m[0m
[  12% ] [90m[1mreimport[22m | Preparing files to reimport...[39m[0m
[  14% ] [90m[1mreimport[22m | Preparing files to reimport...[39m[0m
[  16% ] [90m[1mreimport[22m | Preparing files to reimport...[39m[0m
[  18% ] [90m[1mreimport[22m | Preparing files to reimport...[39m[0m
[  20% ] [90m[1mreimport[22m | Preparing files to reimport...[39m[0m
[  22% ] [90m[1mreimport[22m | Preparing files to reimport...[39m[0m
[  24% ] [90m[1mreimport[22m | Preparing files to reimport...[39m[0m
[  26% ] [90m[1mreimport[22m | Preparing files to reimport...[39m[0m
[  28% ] [90m[1mreimport[22m | Preparing files to reimport...[39m[0m
[  30% ] [90m[1mreimport[22m | Preparing files to reimport...[39m[0m
[  32% ] [90m[1mreimport[22m | Preparing files to reimport...[39m[0m
[  34% ] [90m[1mreimport[22m | Preparing files to reimport...[39m[0m
[  36% ] [90m[1mreimport[22m | Preparing files to reimport...[39m[0m
[  38% ] [90m[1mreimport[22m | Preparing files to reimport...[39m[0m
[  40% ] [90m[1mreimport[22m | Preparing files to reimport...[39m[0m
[  42% ] [90m[1mreimport[22m | Preparing files to reimport...[39m[0m
[  44% ] [90m[1mreimport[22m | Preparing files to reimport...[39m[0m
[  46% ] [90m[1mreimport[22m | Preparing files to reimport...[39m[0m
[  48% ] [90m[1mreimport[22m | Preparing files to reimport...[39m[0m
[  50% ] [90m[1mreimport[22m | Preparing files to reimport...[39m[0m
[  52% ] [90m[1mreimport[22m | Preparing files to reimport...[39m[0m
[  54% ] [90m[1mreimport[22m | Preparing files to reimport...[39m[0m
[  56% ] [90m[1mreimport[22m | Preparing files to reimport...[39m[0m
[  58% ] [90m[1mreimport[22m | Preparing files to reimport...[39m[0m
[  60% ] [90m[1mreimport[22m | Preparing files to reimport...[39m[0m
[  62% ] [90m[1mreimport[22m | Preparing files to reimport...[39m[0m
[  64% ] [90m[1mreimport[22m | Preparing files to reimport...[39m[0m
[  66% ] [90m[1mreimport[22m | Preparing files to reimport...[39m[0m
[  68% ] [90m[1mreimport[22m | Preparing files to reimport...[39m[0m
[  70% ] [90m[1mreimport[22m | Preparing files to reimport...[39m[0m
[  72% ] [90m[1mreimport[22m | Preparing files to reimport...[39m[0m
[  74% ] [90m[1mreimport[22m | Preparing files to reimport...[39m[0m
[  76% ] [90m[1mreimport[22m | Preparing files to reimport...[39m[0m
[  78% ] [90m[1mreimport[22m | Preparing files to reimport...[39m[0m
[  80% ] [90m[1mreimport[22m | Preparing files to reimport...[39m[0m
[  82% ] [90m[1mreimport[22m | Preparing files to reimport...[39m[0m
[  84% ] [90m[1mreimport[22m | Preparing files to reimport...[39m[0m
[  86% ] [90m[1mreimport[22m | Preparing files to reimport...[39m[0m
[  88% ] [90m[1mreimport[22m | Preparing files to reimport...[39m[0m
[  90% ] [90m[1mreimport[22m | Preparing files to reimport...[39m[0m
[  92% ] [90m[1mreimport[22m | Preparing files to reimport...[39m[0m
[  94% ] [90m[1mreimport[22m | Preparing files to reimport...[39m[0m
[  96% ] [90m[1mreimport[22m | Preparing files to reimport...[39m[0m
[   0% ] [90m[1mreimport[22m | Executing pre-reimport operations...[39m[0m
[   0% ] [90m[1mreimport[22m | contact-light-1x-02.png[39m[0m
[   2% ] [90m[1mreimport[22m | contact-light-2x-01.png[39m[0m
[   4% ] [90m[1mreimport[22m | contact-light-2x-02.png[39m[0m
[   6% ] [90m[1mreimport[22m | contact-light-2x-03.png[39m[0m
[   8% ] [90m[1mreimport[22m | contact-light-2x-04.png[39m[0m
[  10% ] [90m[1mreimport[22m | contact-light-2x-05.png[39m[0m
[  12% ] [90m[1mreimport[22m | contact-light-2x-06.png[39m[0m
[  14% ] [90m[1mreimport[22m | contact-light-2x-07.png[39m[0m
[  16% ] [90m[1mreimport[22m | contact-light-2x-08.png[39m[0m
[  18% ] [90m[1mreimport[22m | contact-light-2x-09.png[39m[0m
[  20% ] [90m[1mreimport[22m | contact-light-2x-10.png[39m[0m
[  22% ] [90m[1mreimport[22m | sprint-dark-0.png[39m[0m
[  24% ] [90m[1mreimport[22m | sprint-dark-1.png[39m[0m
[  26% ] [90m[1mreimport[22m | sprint-light-0.png[39m[0m
[  28% ] [90m[1mreimport[22m | sprint-light-1.png[39m[0m
[  30% ] [90m[1mreimport[22m | walk-dark-0.png[39m[0m
[  32% ] [90m[1mreimport[22m | walk-dark-1.png[39m[0m
[  34% ] [90m[1mreimport[22m | walk-light-0.png[39m[0m
[  36% ] [90m[1mreimport[22m | walk-light-1.png[39m[0m
[  38% ] [90m[1mreimport[22m | contact-reference-three-4x.png[39m[0m
[  40% ] [90m[1mreimport[22m | contact-repair-v1.png[39m[0m
[  42% ] [90m[1mreimport[22m | sprint-back-v1.png[39m[0m
[  44% ] [90m[1mreimport[22m | gallery-four-pages.png[39m[0m
[  46% ] [90m[1mreimport[22m | jan-wellspring.png[39m[0m
[  48% ] [90m[1mreimport[22m | native-dark-01.png[39m[0m
[  50% ] [90m[1mreimport[22m | native-light-02.png[39m[0m
[  52% ] [90m[1mreimport[22m | sprint-east-source-review.png[39m[0m
[  54% ] [90m[1mreimport[22m | core_poses_v1-removal-mask.png[39m[0m
[  56% ] [90m[1mreimport[22m | sprint_back_v1-removal-mask.png[39m[0m
[  58% ] [90m[1mreimport[22m | treevor_mason.png[39m[0m
[  60% ] [90m[1mreimport[22m | walk_pairs_v1-removal-mask.png[39m[0m
[  62% ] [90m[1mreimport[22m | contact_repair_v1-removal-mask.png[39m[0m
[  64% ] [90m[1mreimport[22m | core_poses_v1-removal-mask.png[39m[0m
[  66% ] [90m[1mreimport[22m | sprint_back_v1-removal-mask.png[39m[0m
[  68% ] [90m[1mreimport[22m | treevor_mason.png[39m[0m
[  70% ] [90m[1mreimport[22m | walk_pairs_v1-removal-mask.png[39m[0m
[  72% ] [90m[1mreimport[22m | contact-dark-1x-01.png[39m[0m
[  74% ] [90m[1mreimport[22m | contact-dark-1x-02.png[39m[0m
[  76% ] [90m[1mreimport[22m | contact-dark-2x-01.png[39m[0m
[  78% ] [90m[1mreimport[22m | contact-dark-2x-02.png[39m[0m
[  80% ] [90m[1mreimport[22m | contact-dark-2x-03.png[39m[0m
[  82% ] [90m[1mreimport[22m | contact-dark-2x-04.png[39m[0m
[  84% ] [90m[1mreimport[22m | contact-dark-2x-05.png[39m[0m
[  86% ] [90m[1mreimport[22m | contact-dark-2x-06.png[39m[0m
[  88% ] [90m[1mreimport[22m | contact-dark-2x-07.png[39m[0m
[  90% ] [90m[1mreimport[22m | contact-dark-2x-08.png[39m[0m
[  92% ] [90m[1mreimport[22m | contact-dark-2x-09.png[39m[0m
[  94% ] [90m[1mreimport[22m | contact-dark-2x-10.png[39m[0m
[  96% ] [90m[1mreimport[22m | contact-light-1x-01.png[39m[0m
[  98% ] [90m[1mreimport[22m | Finalizing Asset Import...[39m[0m
[92m[ DONE ][39m [1mreimport[22m
[0m
[   0% ] [90m[1mreimport[22m | Started (Re)Importing Assets (49 steps)[39m[0m
[   0% ] [90m[1mreimport[22m | Executing post-reimport operations...[39m[0m
[92m[ DONE ][39m [1mreimport[22m
[0m
[   0% ] [90m[1mloading_editor_layout[22m | Started Loading editor (5 steps)[39m[0m
[   0% ] [90m[1mloading_editor_layout[22m | Loading editor layout...[39m[0m
[  16% ] [90m[1mloading_editor_layout[22m | Loading docks...[39m[0m
[  33% ] [90m[1mloading_editor_layout[22m | Reopening scenes...[39m[0m
[  50% ] [90m[1mloading_editor_layout[22m | Loading central editor layout...[39m[0m
[  66% ] [90m[1mloading_editor_layout[22m | Loading plugin window layout...[39m[0m
[  83% ] [90m[1mloading_editor_layout[22m | Editor layout ready.[39m[0m
[92m[ DONE ][39m [1mloading_editor_layout[22m
[0m
