Godot Engine v4.7.1.stable.official.a13da4feb - https://godotengine.org
OpenGL API OpenGL ES 3.0 (ANGLE 2.1.1 git hash: aaebda1c5a40) - Compatibility - Using Device: Google Inc. (AMD) - ANGLE (AMD, AMD Radeon(TM) Graphics (0x00001506) Direct3D11 vs_5_0 ps_5_0, D3D11-32.0.21045.5002)

RENDERED res://.godot/skeleton-motion-render-v2/s_wayne-east-aim-north.png
RENDERED res://.godot/skeleton-motion-render-v2/s_wayne-east-aim-north-cone.png
RENDERED res://.godot/skeleton-motion-render-v2/s_wayne-east-cast-north-startup.png
RENDERED res://.godot/skeleton-motion-render-v2/s_wayne-east-cast-north-delivery.png
RENDERED res://.godot/skeleton-motion-render-v2/s_wayne-east-aim-south.png
RENDERED res://.godot/skeleton-motion-render-v2/s_wayne-east-cast-south-startup.png
RENDERED res://.godot/skeleton-motion-render-v2/s_wayne-east-cast-south-delivery.png
RENDERED res://.godot/skeleton-motion-render-v2/s_wayne-gallery.png
RENDERED res://.godot/skeleton-motion-render-v2/oh_tipi-east-aim-north.png
RENDERED res://.godot/skeleton-motion-render-v2/oh_tipi-east-aim-north-cone.png
RENDERED res://.godot/skeleton-motion-render-v2/oh_tipi-east-cast-north-startup.png
RENDERED res://.godot/skeleton-motion-render-v2/oh_tipi-east-cast-north-delivery.png
RENDERED res://.godot/skeleton-motion-render-v2/oh_tipi-east-aim-south.png
RENDERED res://.godot/skeleton-motion-render-v2/oh_tipi-east-cast-south-startup.png
RENDERED res://.godot/skeleton-motion-render-v2/oh_tipi-east-cast-south-delivery.png
RENDERED res://.godot/skeleton-motion-render-v2/oh_tipi-gallery.png
RENDERED res://.godot/skeleton-motion-render-v2/red_baron-east-aim-north.png
RENDERED res://.godot/skeleton-motion-render-v2/red_baron-east-aim-north-cone.png
RENDERED res://.godot/skeleton-motion-render-v2/red_baron-east-cast-north-startup.png
RENDERED res://.godot/skeleton-motion-render-v2/red_baron-east-cast-north-delivery.png
RENDERED res://.godot/skeleton-motion-render-v2/red_baron-east-aim-south.png
RENDERED res://.godot/skeleton-motion-render-v2/red_baron-east-cast-south-startup.png
RENDERED res://.godot/skeleton-motion-render-v2/red_baron-east-cast-south-delivery.png
RENDERED res://.godot/skeleton-motion-render-v2/red_baron-gallery.png
RENDERED res://.godot/skeleton-motion-render-v2/production-phase-00.png
RENDERED res://.godot/skeleton-motion-render-v2/production-phase-01.png
RENDERED res://.godot/skeleton-motion-render-v2/production-phase-02.png
RENDERED res://.godot/skeleton-motion-render-v2/production-phase-03.png
RENDERED res://.godot/skeleton-motion-render-v2/production-phase-04.png
RENDERED res://.godot/skeleton-motion-render-v2/production-phase-05.png
RENDERED res://.godot/skeleton-motion-render-v2/production-phase-06.png
RENDERED res://.godot/skeleton-motion-render-v2/production-phase-07.png
PASS: 32 rendered frames: six actual east-travel/independent-aim, six paid cast startups, six corresponding projectile deliveries, three actual cone, three actual Gallery, eight controlled production-presenter phases; no draw authority mutation; no network/audio/persisted preferences
