OK: Godot 4.7.1.stable.official.a13da4feb and FLUX 2 source foundation are present.
Export templates: C:\Users\sende\AppData\Roaming\Godot\export_templates\4.7.1.stable
Godot Engine v4.7.1.stable.official.a13da4feb - https://godotengine.org

element-chemistry: 1948 assertions, 0 failures
foundation-spell-presenter: 2957 assertions, 0 failures
heavy-blast-presenter: 40535 assertions, 0 failures
FAIL: even the last budget-exhausted imprint tick keeps readable value
FAIL: even the last budget-exhausted imprint tick keeps readable value
FAIL: even the last budget-exhausted imprint tick keeps readable value
FAIL: even the last budget-exhausted imprint tick keeps readable value
FAIL: even the last budget-exhausted imprint tick keeps readable value
FAIL: even the last budget-exhausted imprint tick keeps readable value
FAIL: even the last budget-exhausted imprint tick keeps readable value
FAIL: even the last budget-exhausted imprint tick keeps readable value
FAIL: even the last budget-exhausted imprint tick keeps readable value
FAIL: even the last budget-exhausted imprint tick keeps readable value
FAIL: even the last budget-exhausted imprint tick keeps readable value
FAIL: even the last budget-exhausted imprint tick keeps readable value
FAIL: even the last budget-exhausted imprint tick keeps readable value
FAIL: even the last budget-exhausted imprint tick keeps readable value
FAIL: even the last budget-exhausted imprint tick keeps readable value
FAIL: even the last budget-exhausted imprint tick keeps readable value
FAIL: even the last budget-exhausted imprint tick keeps readable value
FAIL: even the last budget-exhausted imprint tick keeps readable value
FAIL: even the last budget-exhausted imprint tick keeps readable value
FAIL: even the last budget-exhausted imprint tick keeps readable value
FAIL: even the last budget-exhausted imprint tick keeps readable value
FAIL: even the last budget-exhausted imprint tick keeps readable value
FAIL: even the last budget-exhausted imprint tick keeps readable value
FAIL: even the last budget-exhausted imprint tick keeps readable value
burst-projectile-presenter: 16091 assertions, 24 failures
FAIL: reviewed exact-equivalent contact bounds guard; future drift requires renewed audit (expected=b0596612896e2c475994894a99aff40ed2e047866d1ec536eec767bd66d8b28f actual=e79c9ffb736d5a8199491df49f5e2e4124bc0e9074f0f03d0ab226459117abb0)
pixel-magic-library: 42744 assertions, 1 failures
FAIL: 25 assertion(s) failed
Exception: C:\Users\sende\Projects\flux\scripts\flux2-common.ps1:83
Line |
  83 |  … -in @($bad)) { throw 'Godot emitted a script/import/runtime error.' }
     |                   ~~~~~~~~~~~~~~~~~~~~~~~~~~~~~~~~~~~~~~~~~~~~~~~~~~~~
     | Godot emitted a script/import/runtime error.
