Godot Engine v4.7.1.stable.official.a13da4feb - https://godotengine.org

element-chemistry: 1760 assertions, 0 failures
projectile-chemistry-integration: 10459 assertions, 0 failures
RESOURCE_TUNING oh_tipi: flux=114.4; stamina=660.0; paid_primary_casts=19; exhaustion_ms=4600.000
RESOURCE_TUNING s_wayne: flux=123.2; stamina=594.0; paid_primary_casts=17; exhaustion_ms=5250.000
RESOURCE_TUNING red_baron: flux=105.6; stamina=792.0; paid_primary_casts=17; exhaustion_ms=4825.000
RESOURCE_TUNING grace_reava: flux=132.0; stamina=616.0; paid_primary_casts=22; exhaustion_ms=5325.000
RESOURCE_TUNING wa_bidi: flux=116.6; stamina=638.0; paid_primary_casts=19; exhaustion_ms=5075.000
RESOURCE_TUNING steezo: flux=123.2; stamina=594.0; paid_primary_casts=20; exhaustion_ms=5341.667
RESOURCE_TUNING treevor_mason: flux=105.6; stamina=792.0; paid_primary_casts=17; exhaustion_ms=5391.667
RESOURCE_TUNING oll_i: flux=105.6; stamina=792.0; paid_primary_casts=17; exhaustion_ms=5391.667
RESOURCE_TUNING fluup: flux=105.6; stamina=792.0; paid_primary_casts=17; exhaustion_ms=5391.667
RESOURCE_TUNING nico_lai: flux=123.2; stamina=594.0; paid_primary_casts=20; exhaustion_ms=5341.667
RESOURCE_TUNING spai_si: flux=114.4; stamina=660.0; paid_primary_casts=19; exhaustion_ms=6025.000
RESOURCE_TUNING leaf_hidden: flux=114.4; stamina=660.0; paid_primary_casts=19; exhaustion_ms=4600.000
RESOURCE_TUNING ha_rekt: flux=105.6; stamina=792.0; paid_primary_casts=17; exhaustion_ms=5391.667
RESOURCE_TUNING dr_apex: flux=105.6; stamina=792.0; paid_primary_casts=17; exhaustion_ms=5391.667
RESOURCE_TUNING haara: flux=123.2; stamina=594.0; paid_primary_casts=20; exhaustion_ms=6341.667
RESOURCE_TUNING hesus_christo: flux=114.4; stamina=660.0; paid_primary_casts=19; exhaustion_ms=6025.000
RESOURCE_TUNING grimm_bow: flux=105.6; stamina=792.0; paid_primary_casts=17; exhaustion_ms=5391.667
RESOURCE_TUNING biggy_bob: flux=114.4; stamina=660.0; paid_primary_casts=19; exhaustion_ms=6025.000
RESOURCE_TUNING jan_wicked: flux=114.4; stamina=660.0; paid_primary_casts=19; exhaustion_ms=6025.000
RESOURCE_TUNING ba_djoh: flux=105.6; stamina=792.0; paid_primary_casts=17; exhaustion_ms=5391.667
RESOURCE_TUNING urzh: flux=105.6; stamina=792.0; paid_primary_casts=17; exhaustion_ms=5391.667
RESOURCE_TUNING donnok: flux=114.4; stamina=660.0; paid_primary_casts=19; exhaustion_ms=6025.000
RESOURCE_TUNING djonah_thaan: flux=114.4; stamina=660.0; paid_primary_casts=16; exhaustion_ms=4941.667
RESOURCE_TUNING luuh_i_zeh: flux=123.2; stamina=594.0; paid_primary_casts=17; exhaustion_ms=5250.000
RESOURCE_TUNING juul_i_yaina: flux=123.2; stamina=594.0; paid_primary_casts=20; exhaustion_ms=6341.667
RESOURCE_TUNING faab_i_yaina: flux=114.4; stamina=660.0; paid_primary_casts=19; exhaustion_ms=5391.667
RESOURCE_TUNING joh_haynes: flux=105.6; stamina=792.0; paid_primary_casts=17; exhaustion_ms=5391.667
combat: 24573 assertions, 0 failures
CHEMISTRY_ENTRY_TIMING {"calls":1425,"checksum":561,"elapsed_us":299200,"order":0,"path":"legacy"}
CHEMISTRY_ENTRY_TIMING {"calls":1425,"checksum":561,"elapsed_us":79507,"order":0,"path":"candidate"}
CHEMISTRY_ENTRY_TIMING {"calls":1425,"checksum":561,"elapsed_us":82783,"order":1,"path":"candidate"}
CHEMISTRY_ENTRY_TIMING {"calls":1425,"checksum":561,"elapsed_us":322183,"order":1,"path":"legacy"}
PASS: chemistry-broadphase-equivalence; 84312 assertions; 0 failures; seed=609120; queries=23760; rejected=8768
